C51 COMPILER V9.54   BOPHANPHATHONGNGOAI                                                   06/28/2016 20:25:47 PAGE 1   


C51 COMPILER V9.54, COMPILATION OF MODULE BOPHANPHATHONGNGOAI
OBJECT MODULE PLACED IN .\Objects\BoPhanPhatHongNgoai.obj
COMPILER INVOKED BY: C:\Keil_v5\C51\BIN\C51.EXE BoPhanPhatHongNgoai.c OPTIMIZE(8,SPEED) BROWSE DEBUG OBJECTEXTEND PRINT(
                    -.\Listings\BoPhanPhatHongNgoai.lst) TABS(2) OBJECT(.\Objects\BoPhanPhatHongNgoai.obj)

line level    source

   1          /*BAT-TAT DEN TU DONG SU DUNG CAM BIEN HONG NGOAI VA DIEU KHIEN DEN TU XA QUA SONG RF
   2          BO PHAN PHAT HONG NGOAI
   3          Designed by: LUU Van Luc
   4          Update:29/5/2016
   5          */
   6          #include <REGX52.H>
   7          // Toa xung 38kHz tai chan P1.0 o che do Clock-out cua Timer 2
   8          void main()
   9          {
  10   1        int nguoi=0;
  11   1        T2CON = 0x00;         
  12   1        T2MOD = 0x02;
  13   1        RCAP2H = 0xFF;
  14   1        RCAP2L = 0xB1;
  15   1        TH2 = 0xFF;
  16   1        TL2 = 0xB1;
  17   1        TR2 = 1;
  18   1        while(1)
  19   1        {}
  20   1      }


MODULE INFORMATION:   STATIC OVERLAYABLE
   CODE SIZE        =     26    ----
   CONSTANT SIZE    =   ----    ----
   XDATA SIZE       =   ----    ----
   PDATA SIZE       =   ----    ----
   DATA SIZE        =   ----       2
   IDATA SIZE       =   ----    ----
   BIT SIZE         =   ----    ----
END OF MODULE INFORMATION.


C51 COMPILATION COMPLETE.  0 WARNING(S),  0 ERROR(S)
