C51 COMPILER V8.02   FONT                                                                  09/28/2006 03:54:55 PAGE 1   


C51 COMPILER V8.02, COMPILATION OF MODULE FONT
OBJECT MODULE PLACED IN font.OBJ
COMPILER INVOKED BY: C:\Keil\C51\BIN\C51.EXE font.c BROWSE

line level    source

   1          typedef struct {
   2          unsigned char b[5]; /* Data */
   3          }T_font;
   4          
   5          const T_font font[]={
   6          //******************BANG MA ASCII****************
   7          //ascii_code:
   8          0xFF,0xFF,0xFF,0xFF,0xFF,//SPACE    0
   9          0xFF,0xFF,0xA0,0xFF,0xFF,//!        1
  10          0xFF,0xFF,0xF8,0xF4,0xFF,//'    2
  11          0xEB,0x80,0xEB,0x80,0xEB,//#    3
  12          0xDB,0xD5,0x80,0xD5,0xED,//$    4
  13          0xD8,0xEA,0x94,0xAB,0x8D,//%    5
  14          0xC9,0xB6,0xA9,0xDF,0xAF,//&    6
  15          0xFF,0xFF,0xF8,0xF4,0xFF,//'    7
  16          0xFF,0xE3,0xDD,0xBE,0xFF,//(    8
  17          0xFF,0xBE,0xDD,0xE3,0xFF,//)    9
  18          0xD5,0xE3,0x80,0xE3,0xD5,//*    10
  19          0xF7,0xF7,0xC1,0xF7,0xF7,//+    11
  20          0xFF,0xA7,0xC7,0xFF,0xFF,//,    12
  21          0xF7,0xF7,0xF7,0xF7,0xF7,//-    13
  22          0xFF,0x9F,0x9F,0xFF,0xFF,//x    14
  23          0xFF,0xC9,0xC9,0xFF,0xFF,///    15
  24          0xC1,0xAE,0xB6,0xBA,0xC1,//0    16
  25          0xFF,0xBD,0x80,0xBF,0xFF,//1    17
  26          0x8D,0xB6,0xB6,0xB6,0xB9,//2    18
  27          0xDD,0xBE,0xB6,0xB6,0xC9,//3    19
  28          0xE7,0xEB,0xED,0x80,0xEF,//4    20
  29          0xD8,0xBA,0xBA,0xBA,0xC6,//5    21
  30          0xC3,0xB5,0xB6,0xB6,0xCF,//6    22
  31          0xFE,0x8E,0xF6,0xFA,0xFC,//7    23
  32          0xC9,0xB6,0xB6,0xB6,0xC9,//8    24
  33          0xF9,0xB6,0xB6,0xD6,0xE1,//9    25
  34          0xFF,0xC9,0xC9,0xFF,0xFF,//:    26
  35          0xFF,0xA4,0xC4,0xFF,0xFF,////    27
  36          0xF7,0xEB,0xDD,0xBE,0xFF,//<    28
  37          0xEB,0xEB,0xEB,0xEB,0xEB,//=    29
  38          0xFF,0xBE,0xDD,0xEB,0xF7,//>   30
  39          0xFD,0xFE,0xAE,0xF6,0xF9,//?    31
  40          0xCD,0xB6,0x8E,0xBE,0xC1,//@    32
  41          0x83,0xF5,0xF6,0xF5,0x83,//A    33
  42          0xBE,0x80,0xB6,0xB6,0xC9,//B    34
  43          0xC1,0xBE,0xBE,0xBE,0xDD,//C    35
  44          0xBE,0x80,0xBE,0xBE,0xC1,//D    36
  45          0x80,0xB6,0xB6,0xB6,0xBE,//E    37
  46          0x80,0xF6,0xF6,0xFE,0xFE,//F    38
  47          0xC1,0xBE,0xB6,0xB6,0xC5,//G    39
  48          0x80,0xF7,0xF7,0xF7,0x80,//H    40
  49          0xFF,0xBE,0x80,0xBE,0xFF,//I    41
  50          0xDF,0xBF,0xBE,0xC0,0xFE,//J    42
  51          0x80,0xF7,0xEB,0xDD,0xBE,//K    43
  52          0x80,0xBF,0xBF,0xBF,0xFF,//L    44
  53          0x80,0xFD,0xF3,0xFD,0x80,//M    45
  54          0x80,0xFD,0xFB,0xF7,0x80,//N    46
  55          0xC1,0xBE,0xBE,0xBE,0xC1,//O    47
C51 COMPILER V8.02   FONT                                                                  09/28/2006 03:54:55 PAGE 2   

  56          0x80,0xF6,0xF6,0xF6,0xF9,//P    48
  57          0xC1,0xBE,0xAE,0xDE,0xA1,//Q    49
  58          0x80,0xF6,0xE6,0xD6,0xB9,//R    50
  59          0xD9,0xB6,0xB6,0xB6,0xCD//S    51 83
  60          };
  61          //Phan tu hai
  62          const T_font font2[]={
  63          0xD9,0xB6,0xB6,0xB6,0xCD,//S    51 83
  64          0xFE,0xFE,0x80,0xFE,0xFE,//T    52
  65          0xC0,0xBF,0xBF,0xBF,0xC0,//U    53
  66          0xE0,0xDF,0xBF,0xDF,0xE0,//V    54
  67          0xC0,0xBF,0xCF,0xBF,0xC0,//W    55
  68          0x9C,0xEB,0xF7,0xEB,0x9C,//X   56
  69          0xFC,0xFB,0x87,0xFB,0xFC,//Y89 24   57
  70          0x9E,0xAE,0xB6,0xBA,0xBC,//Z90 25   58
  71          0xFF,0x80,0xBE,0xBE,0xFF,//[    59
  72          0xFD,0xFB,0xF7,0xEF,0xDF,//\    60
  73          0xFF,0xBE,0xBE,0x80,0xFF,//]    61
  74          0xFB,0xFD,0xFE,0xFD,0xFB,//^    92
  75          0x7F,0x7F,0x7F,0x7F,0x7F,//_ 63
  76          0xFF,0xFF,0xF8,0xF4,0xFF,//' 64
  77          0xDF,0xAB,0xAB,0xAB,0xC7,//a    65
  78          0x80,0xC7,0xBB,0xBB,0xC7,//b
  79          0xFF,0xC7,0xBB,0xBB,0xBB,//c
  80          0xC7,0xBB,0xBB,0xC7,0x80,//d
  81          0xC7,0xAB,0xAB,0xAB,0xF7,//e    69
  82          0xF7,0x81,0xF6,0xF6,0xFD,//f
  83          0xF7,0xAB,0xAB,0xAB,0xC3,//g    71
  84          0x80,0xF7,0xFB,0xFB,0x87,//h    72
  85          0xFF,0xBB,0x82,0xBF,0xFF,//i    73
  86          0xDF,0xBF,0xBB,0xC2,0xFF,//j    74
  87          0xFF,0x80,0xEF,0xD7,0xBB,//k    75
  88          0xFF,0xBE,0x80,0xBF,0xFF,//l    76
  89          0x83,0xFB,0x87,0xFB,0x87,//m    77
  90          0x83,0xF7,0xFB,0xFB,0x87,//n    78
  91          0xC7,0xBB,0xBB,0xBB,0xC7,//o    79
  92          0x83,0xEB,0xEB,0xEB,0xF7,//p    80
  93          0xF7,0xEB,0xEB,0xEB,0x83,//q    81
  94          0x83,0xF7,0xFB,0xFB,0xF7,//r    82
  95          0xB7,0xAB,0xAB,0xAB,0xDB,//s    83
  96          0xFF,0xFB,0xC0,0xBB,0xBB,//t    84
  97          0xC3,0xBF,0xBF,0xDF,0x83,//u    85
  98          0xE3,0xDF,0xBF,0xDF,0xE3,//v    86
  99          0xC3,0xBF,0xCF,0xBF,0xC3,//w    87
 100          0xBB,0xD7,0xEF,0xD7,0xBB,//x    88
 101          0xF3,0xAF,0xAF,0xAF,0xC3,//y    89
 102          0xBB,0x9B,0xAB,0xB3,0xBB,//z    90
 103          0xFB,0xE1,0xE0,0xE1,0xFB,//^    62
 104          0xE3,0xE3,0xC1,0xE3,0xF7,//->93
 105          0xF7,0xE3,0xC1,0xE3,0xE3,//<-94
 106          0xEF,0xC3,0x83,0xC3,0xEF,//95
 107          0xFF,0xFF,0xFF,0xFF,0xFF//BLANK CHAR 96
 108          };
 109          // End of code table
*** ERROR C249 IN LINE 109 OF FONT.C: 'DATA': SEGMENT TOO LARGE

C51 COMPILATION COMPLETE.  0 WARNING(S),  1 ERROR(S)
